interactions:
- request:
    body: null
    headers:
      Accept:
      - application/vnd.github+json
      Accept-Encoding:
      - gzip, deflate
      Authorization:
      - token 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
      Connection:
      - keep-alive
      User-Agent:
      - python-requests/2.32.5
      X-GitHub-Api-Version:
      - '2022-11-28'
    method: GET
    uri: https://api.github.com/repos/gh4144/coron7/commits
  response:
    body:
      string: '{"message":"Git Repository is empty.","documentation_url":"https://docs.github.com/rest/commits/commits#list-commits","status":"409"}'
    headers:
      Access-Control-Allow-Origin:
      - '*'
      Access-Control-Expose-Headers:
      - ETag, Link, Location, Retry-After, X-GitHub-OTP, X-RateLimit-Limit, X-RateLimit-Remaining,
        X-RateLimit-Used, X-RateLimit-Resource, X-RateLimit-Reset, X-OAuth-Scopes,
        X-Accepted-OAuth-Scopes, X-Poll-Interval, X-GitHub-Media-Type, X-GitHub-SSO,
        X-GitHub-Request-Id, Deprecation, Sunset
      Content-Length:
      - '133'
      Content-Security-Policy:
      - default-src 'none'
      Content-Type:
      - application/json; charset=utf-8
      Date:
      - Sat, 15 Nov 2025 12:55:08 GMT
      Referrer-Policy:
      - origin-when-cross-origin, strict-origin-when-cross-origin
      Server:
      - github.com
      Strict-Transport-Security:
      - max-age=31536000; includeSubdomains; preload
      Vary:
      - Accept-Encoding, Accept, X-Requested-With
      X-Content-Type-Options:
      - nosniff
      X-Frame-Options:
      - deny
      X-GitHub-Media-Type:
      - github.v3; format=json
      X-GitHub-Request-Id:
      - F87D:1C9520:253C663:233F06B:6918782C
      X-RateLimit-Limit:
      - '5000'
      X-RateLimit-Remaining:
      - '4968'
      X-RateLimit-Reset:
      - '1763214870'
      X-RateLimit-Resource:
      - core
      X-RateLimit-Used:
      - '32'
      X-XSS-Protection:
      - '0'
      x-accepted-github-permissions:
      - contents=read
      x-github-api-version-selected:
      - '2022-11-28'
    status:
      code: 409
      message: Conflict
- request:
    body: null
    headers:
      Accept:
      - '*/*'
      Accept-Encoding:
      - gzip, deflate
      Authorization:
      - token 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
      Connection:
      - keep-alive
      Content-Length:
      - '0'
      User-Agent:
      - python-requests/2.32.5
    method: DELETE
    uri: https://api.github.com/repos/gh4144/coron7
  response:
    body:
      string: ''
    headers:
      Access-Control-Allow-Origin:
      - '*'
      Access-Control-Expose-Headers:
      - ETag, Link, Location, Retry-After, X-GitHub-OTP, X-RateLimit-Limit, X-RateLimit-Remaining,
        X-RateLimit-Used, X-RateLimit-Resource, X-RateLimit-Reset, X-OAuth-Scopes,
        X-Accepted-OAuth-Scopes, X-Poll-Interval, X-GitHub-Media-Type, X-GitHub-SSO,
        X-GitHub-Request-Id, Deprecation, Sunset
      Content-Security-Policy:
      - default-src 'none'
      Date:
      - Sat, 15 Nov 2025 12:55:09 GMT
      Referrer-Policy:
      - origin-when-cross-origin, strict-origin-when-cross-origin
      Server:
      - github.com
      Strict-Transport-Security:
      - max-age=31536000; includeSubdomains; preload
      Vary:
      - Accept-Encoding, Accept, X-Requested-With
      X-Content-Type-Options:
      - nosniff
      X-Frame-Options:
      - deny
      X-GitHub-Media-Type:
      - github.v3; format=json
      X-GitHub-Request-Id:
      - F87E:7F170:25E19D2:23E2A84:6918782C
      X-RateLimit-Limit:
      - '5000'
      X-RateLimit-Remaining:
      - '4967'
      X-RateLimit-Reset:
      - '1763214870'
      X-RateLimit-Resource:
      - core
      X-RateLimit-Used:
      - '33'
      X-XSS-Protection:
      - '0'
      x-accepted-github-permissions:
      - administration=write
      x-github-api-version-selected:
      - '2022-11-28'
    status:
      code: 204
      message: No Content
- request:
    body: null
    headers:
      Accept:
      - application/vnd.github+json
      Accept-Encoding:
      - gzip, deflate
      Authorization:
      - token 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
      Connection:
      - keep-alive
      User-Agent:
      - python-requests/2.32.5
      X-GitHub-Api-Version:
      - '2022-11-28'
    method: GET
    uri: https://api.github.com/repos/gh4144/coron7/commits
  response:
    body:
      string: '{"message":"Not Found","documentation_url":"https://docs.github.com/rest/commits/commits#list-commits","status":"404"}'
    headers:
      Access-Control-Allow-Origin:
      - '*'
      Access-Control-Expose-Headers:
      - ETag, Link, Location, Retry-After, X-GitHub-OTP, X-RateLimit-Limit, X-RateLimit-Remaining,
        X-RateLimit-Used, X-RateLimit-Resource, X-RateLimit-Reset, X-OAuth-Scopes,
        X-Accepted-OAuth-Scopes, X-Poll-Interval, X-GitHub-Media-Type, X-GitHub-SSO,
        X-GitHub-Request-Id, Deprecation, Sunset
      Content-Encoding:
      - gzip
      Content-Security-Policy:
      - default-src 'none'
      Content-Type:
      - application/json; charset=utf-8
      Date:
      - Sat, 15 Nov 2025 12:55:09 GMT
      Referrer-Policy:
      - origin-when-cross-origin, strict-origin-when-cross-origin
      Server:
      - github.com
      Strict-Transport-Security:
      - max-age=31536000; includeSubdomains; preload
      Transfer-Encoding:
      - chunked
      Vary:
      - Accept-Encoding, Accept, X-Requested-With
      X-Content-Type-Options:
      - nosniff
      X-Frame-Options:
      - deny
      X-GitHub-Media-Type:
      - github.v3; format=json
      X-GitHub-Request-Id:
      - F87F:1C9520:253CACE:233F499:6918782D
      X-RateLimit-Limit:
      - '5000'
      X-RateLimit-Remaining:
      - '4966'
      X-RateLimit-Reset:
      - '1763214870'
      X-RateLimit-Resource:
      - core
      X-RateLimit-Used:
      - '34'
      X-XSS-Protection:
      - '0'
      x-accepted-github-permissions:
      - contents=read
      x-github-api-version-selected:
      - '2022-11-28'
    status:
      code: 404
      message: Not Found
- request:
    body: null
    headers:
      Accept:
      - application/vnd.github+json
      Accept-Encoding:
      - gzip, deflate
      Authorization:
      - token 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
      Connection:
      - keep-alive
      User-Agent:
      - python-requests/2.32.5
      X-GitHub-Api-Version:
      - '2022-11-28'
    method: GET
    uri: https://api.github.com/repos/gh4144/coron7/commits
  response:
    body:
      string: '{"message":"Not Found","documentation_url":"https://docs.github.com/rest/commits/commits#list-commits","status":"404"}'
    headers:
      Access-Control-Allow-Origin:
      - '*'
      Access-Control-Expose-Headers:
      - ETag, Link, Location, Retry-After, X-GitHub-OTP, X-RateLimit-Limit, X-RateLimit-Remaining,
        X-RateLimit-Used, X-RateLimit-Resource, X-RateLimit-Reset, X-OAuth-Scopes,
        X-Accepted-OAuth-Scopes, X-Poll-Interval, X-GitHub-Media-Type, X-GitHub-SSO,
        X-GitHub-Request-Id, Deprecation, Sunset
      Content-Encoding:
      - gzip
      Content-Security-Policy:
      - default-src 'none'
      Content-Type:
      - application/json; charset=utf-8
      Date:
      - Sat, 15 Nov 2025 12:55:09 GMT
      Referrer-Policy:
      - origin-when-cross-origin, strict-origin-when-cross-origin
      Server:
      - github.com
      Strict-Transport-Security:
      - max-age=31536000; includeSubdomains; preload
      Transfer-Encoding:
      - chunked
      Vary:
      - Accept-Encoding, Accept, X-Requested-With
      X-Content-Type-Options:
      - nosniff
      X-Frame-Options:
      - deny
      X-GitHub-Media-Type:
      - github.v3; format=json
      X-GitHub-Request-Id:
      - F880:305D8C:2626ED1:2436BC7:6918782D
      X-RateLimit-Limit:
      - '5000'
      X-RateLimit-Remaining:
      - '4965'
      X-RateLimit-Reset:
      - '1763214870'
      X-RateLimit-Resource:
      - core
      X-RateLimit-Used:
      - '35'
      X-XSS-Protection:
      - '0'
      x-accepted-github-permissions:
      - contents=read
      x-github-api-version-selected:
      - '2022-11-28'
    status:
      code: 404
      message: Not Found
- request:
    body: null
    headers:
      Accept:
      - application/vnd.github+json
      Accept-Encoding:
      - gzip, deflate
      Authorization:
      - token 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
      Connection:
      - keep-alive
      User-Agent:
      - python-requests/2.32.5
      X-GitHub-Api-Version:
      - '2022-11-28'
    method: GET
    uri: https://api.github.com/repos/True/coron7/commits
  response:
    body:
      string: '{"message":"Not Found","documentation_url":"https://docs.github.com/rest/commits/commits#list-commits","status":"404"}'
    headers:
      Access-Control-Allow-Origin:
      - '*'
      Access-Control-Expose-Headers:
      - ETag, Link, Location, Retry-After, X-GitHub-OTP, X-RateLimit-Limit, X-RateLimit-Remaining,
        X-RateLimit-Used, X-RateLimit-Resource, X-RateLimit-Reset, X-OAuth-Scopes,
        X-Accepted-OAuth-Scopes, X-Poll-Interval, X-GitHub-Media-Type, X-GitHub-SSO,
        X-GitHub-Request-Id, Deprecation, Sunset
      Content-Encoding:
      - gzip
      Content-Security-Policy:
      - default-src 'none'
      Content-Type:
      - application/json; charset=utf-8
      Date:
      - Sat, 15 Nov 2025 12:55:10 GMT
      Referrer-Policy:
      - origin-when-cross-origin, strict-origin-when-cross-origin
      Server:
      - github.com
      Strict-Transport-Security:
      - max-age=31536000; includeSubdomains; preload
      Transfer-Encoding:
      - chunked
      Vary:
      - Accept-Encoding, Accept, X-Requested-With
      X-Content-Type-Options:
      - nosniff
      X-Frame-Options:
      - deny
      X-GitHub-Media-Type:
      - github.v3; format=json
      X-GitHub-Request-Id:
      - F881:2F6B14:2777055:2564353:6918782E
      X-RateLimit-Limit:
      - '5000'
      X-RateLimit-Remaining:
      - '4964'
      X-RateLimit-Reset:
      - '1763214870'
      X-RateLimit-Resource:
      - core
      X-RateLimit-Used:
      - '36'
      X-XSS-Protection:
      - '0'
      x-accepted-github-permissions:
      - contents=read
      x-github-api-version-selected:
      - '2022-11-28'
    status:
      code: 404
      message: Not Found
- request:
    body: null
    headers:
      Accept:
      - application/vnd.github+json
      Accept-Encoding:
      - gzip, deflate
      Authorization:
      - token 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
      Connection:
      - keep-alive
      User-Agent:
      - python-requests/2.32.5
      X-GitHub-Api-Version:
      - '2022-11-28'
    method: GET
    uri: https://api.github.com/repos/gh4144/coron7/commits
  response:
    body:
      string: '{"message":"Not Found","documentation_url":"https://docs.github.com/rest/commits/commits#list-commits","status":"404"}'
    headers:
      Access-Control-Allow-Origin:
      - '*'
      Access-Control-Expose-Headers:
      - ETag, Link, Location, Retry-After, X-GitHub-OTP, X-RateLimit-Limit, X-RateLimit-Remaining,
        X-RateLimit-Used, X-RateLimit-Resource, X-RateLimit-Reset, X-OAuth-Scopes,
        X-Accepted-OAuth-Scopes, X-Poll-Interval, X-GitHub-Media-Type, X-GitHub-SSO,
        X-GitHub-Request-Id, Deprecation, Sunset
      Content-Encoding:
      - gzip
      Content-Security-Policy:
      - default-src 'none'
      Content-Type:
      - application/json; charset=utf-8
      Date:
      - Sat, 15 Nov 2025 12:55:10 GMT
      Referrer-Policy:
      - origin-when-cross-origin, strict-origin-when-cross-origin
      Server:
      - github.com
      Strict-Transport-Security:
      - max-age=31536000; includeSubdomains; preload
      Transfer-Encoding:
      - chunked
      Vary:
      - Accept-Encoding, Accept, X-Requested-With
      X-Content-Type-Options:
      - nosniff
      X-Frame-Options:
      - deny
      X-GitHub-Media-Type:
      - github.v3; format=json
      X-GitHub-Request-Id:
      - F882:B853A:26C7506:24EDC3B:6918782E
      X-RateLimit-Limit:
      - '5000'
      X-RateLimit-Remaining:
      - '4963'
      X-RateLimit-Reset:
      - '1763214870'
      X-RateLimit-Resource:
      - core
      X-RateLimit-Used:
      - '37'
      X-XSS-Protection:
      - '0'
      x-accepted-github-permissions:
      - contents=read
      x-github-api-version-selected:
      - '2022-11-28'
    status:
      code: 404
      message: Not Found
- request:
    body: null
    headers:
      Accept:
      - application/vnd.github+json
      Accept-Encoding:
      - gzip, deflate
      Authorization:
      - token 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
      Connection:
      - keep-alive
      User-Agent:
      - python-requests/2.32.5
      X-GitHub-Api-Version:
      - '2022-11-28'
    method: GET
    uri: https://api.github.com/repos/gh4144/coron7/commits
  response:
    body:
      string: '{"message":"Not Found","documentation_url":"https://docs.github.com/rest/commits/commits#list-commits","status":"404"}'
    headers:
      Access-Control-Allow-Origin:
      - '*'
      Access-Control-Expose-Headers:
      - ETag, Link, Location, Retry-After, X-GitHub-OTP, X-RateLimit-Limit, X-RateLimit-Remaining,
        X-RateLimit-Used, X-RateLimit-Resource, X-RateLimit-Reset, X-OAuth-Scopes,
        X-Accepted-OAuth-Scopes, X-Poll-Interval, X-GitHub-Media-Type, X-GitHub-SSO,
        X-GitHub-Request-Id, Deprecation, Sunset
      Content-Encoding:
      - gzip
      Content-Security-Policy:
      - default-src 'none'
      Content-Type:
      - application/json; charset=utf-8
      Date:
      - Sat, 15 Nov 2025 12:55:10 GMT
      Referrer-Policy:
      - origin-when-cross-origin, strict-origin-when-cross-origin
      Server:
      - github.com
      Strict-Transport-Security:
      - max-age=31536000; includeSubdomains; preload
      Transfer-Encoding:
      - chunked
      Vary:
      - Accept-Encoding, Accept, X-Requested-With
      X-Content-Type-Options:
      - nosniff
      X-Frame-Options:
      - deny
      X-GitHub-Media-Type:
      - github.v3; format=json
      X-GitHub-Request-Id:
      - F883:308F79:25C69C2:23D511D:6918782E
      X-RateLimit-Limit:
      - '5000'
      X-RateLimit-Remaining:
      - '4962'
      X-RateLimit-Reset:
      - '1763214870'
      X-RateLimit-Resource:
      - core
      X-RateLimit-Used:
      - '38'
      X-XSS-Protection:
      - '0'
      x-accepted-github-permissions:
      - contents=read
      x-github-api-version-selected:
      - '2022-11-28'
    status:
      code: 404
      message: Not Found
- request:
    body: null
    headers:
      Accept:
      - application/vnd.github+json
      Accept-Encoding:
      - gzip, deflate
      Authorization:
      - token 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
      Connection:
      - keep-alive
      User-Agent:
      - python-requests/2.32.5
      X-GitHub-Api-Version:
      - '2022-11-28'
    method: GET
    uri: https://api.github.com/repos/gh4144/coron7/commits
  response:
    body:
      string: '{"message":"Not Found","documentation_url":"https://docs.github.com/rest/commits/commits#list-commits","status":"404"}'
    headers:
      Access-Control-Allow-Origin:
      - '*'
      Access-Control-Expose-Headers:
      - ETag, Link, Location, Retry-After, X-GitHub-OTP, X-RateLimit-Limit, X-RateLimit-Remaining,
        X-RateLimit-Used, X-RateLimit-Resource, X-RateLimit-Reset, X-OAuth-Scopes,
        X-Accepted-OAuth-Scopes, X-Poll-Interval, X-GitHub-Media-Type, X-GitHub-SSO,
        X-GitHub-Request-Id, Deprecation, Sunset
      Content-Encoding:
      - gzip
      Content-Security-Policy:
      - default-src 'none'
      Content-Type:
      - application/json; charset=utf-8
      Date:
      - Sat, 15 Nov 2025 12:55:11 GMT
      Referrer-Policy:
      - origin-when-cross-origin, strict-origin-when-cross-origin
      Server:
      - github.com
      Strict-Transport-Security:
      - max-age=31536000; includeSubdomains; preload
      Transfer-Encoding:
      - chunked
      Vary:
      - Accept-Encoding, Accept, X-Requested-With
      X-Content-Type-Options:
      - nosniff
      X-Frame-Options:
      - deny
      X-GitHub-Media-Type:
      - github.v3; format=json
      X-GitHub-Request-Id:
      - F885:305D8C:2627404:243702D:6918782E
      X-RateLimit-Limit:
      - '5000'
      X-RateLimit-Remaining:
      - '4961'
      X-RateLimit-Reset:
      - '1763214870'
      X-RateLimit-Resource:
      - core
      X-RateLimit-Used:
      - '39'
      X-XSS-Protection:
      - '0'
      x-accepted-github-permissions:
      - contents=read
      x-github-api-version-selected:
      - '2022-11-28'
    status:
      code: 404
      message: Not Found
- request:
    body: null
    headers:
      Accept:
      - application/vnd.github+json
      Accept-Encoding:
      - gzip, deflate
      Authorization:
      - token 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
      Connection:
      - keep-alive
      User-Agent:
      - python-requests/2.32.5
      X-GitHub-Api-Version:
      - '2022-11-28'
    method: GET
    uri: https://api.github.com/repos/gh4144/coron7/commits
  response:
    body:
      string: '{"message":"Not Found","documentation_url":"https://docs.github.com/rest/commits/commits#list-commits","status":"404"}'
    headers:
      Access-Control-Allow-Origin:
      - '*'
      Access-Control-Expose-Headers:
      - ETag, Link, Location, Retry-After, X-GitHub-OTP, X-RateLimit-Limit, X-RateLimit-Remaining,
        X-RateLimit-Used, X-RateLimit-Resource, X-RateLimit-Reset, X-OAuth-Scopes,
        X-Accepted-OAuth-Scopes, X-Poll-Interval, X-GitHub-Media-Type, X-GitHub-SSO,
        X-GitHub-Request-Id, Deprecation, Sunset
      Content-Encoding:
      - gzip
      Content-Security-Policy:
      - default-src 'none'
      Content-Type:
      - application/json; charset=utf-8
      Date:
      - Sat, 15 Nov 2025 12:55:11 GMT
      Referrer-Policy:
      - origin-when-cross-origin, strict-origin-when-cross-origin
      Server:
      - github.com
      Strict-Transport-Security:
      - max-age=31536000; includeSubdomains; preload
      Transfer-Encoding:
      - chunked
      Vary:
      - Accept-Encoding, Accept, X-Requested-With
      X-Content-Type-Options:
      - nosniff
      X-Frame-Options:
      - deny
      X-GitHub-Media-Type:
      - github.v3; format=json
      X-GitHub-Request-Id:
      - F886:9BF9D:26918FA:2490BC7:6918782F
      X-RateLimit-Limit:
      - '5000'
      X-RateLimit-Remaining:
      - '4960'
      X-RateLimit-Reset:
      - '1763214870'
      X-RateLimit-Resource:
      - core
      X-RateLimit-Used:
      - '40'
      X-XSS-Protection:
      - '0'
      x-accepted-github-permissions:
      - contents=read
      x-github-api-version-selected:
      - '2022-11-28'
    status:
      code: 404
      message: Not Found
- request:
    body: null
    headers:
      Accept:
      - application/vnd.github+json
      Accept-Encoding:
      - gzip, deflate
      Authorization:
      - token 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
      Connection:
      - keep-alive
      User-Agent:
      - python-requests/2.32.5
      X-GitHub-Api-Version:
      - '2022-11-28'
    method: GET
    uri: https://api.github.com/repos/gh4144/coron7/commits
  response:
    body:
      string: '{"message":"Not Found","documentation_url":"https://docs.github.com/rest/commits/commits#list-commits","status":"404"}'
    headers:
      Access-Control-Allow-Origin:
      - '*'
      Access-Control-Expose-Headers:
      - ETag, Link, Location, Retry-After, X-GitHub-OTP, X-RateLimit-Limit, X-RateLimit-Remaining,
        X-RateLimit-Used, X-RateLimit-Resource, X-RateLimit-Reset, X-OAuth-Scopes,
        X-Accepted-OAuth-Scopes, X-Poll-Interval, X-GitHub-Media-Type, X-GitHub-SSO,
        X-GitHub-Request-Id, Deprecation, Sunset
      Content-Encoding:
      - gzip
      Content-Security-Policy:
      - default-src 'none'
      Content-Type:
      - application/json; charset=utf-8
      Date:
      - Sat, 15 Nov 2025 12:55:11 GMT
      Referrer-Policy:
      - origin-when-cross-origin, strict-origin-when-cross-origin
      Server:
      - github.com
      Strict-Transport-Security:
      - max-age=31536000; includeSubdomains; preload
      Transfer-Encoding:
      - chunked
      Vary:
      - Accept-Encoding, Accept, X-Requested-With
      X-Content-Type-Options:
      - nosniff
      X-Frame-Options:
      - deny
      X-GitHub-Media-Type:
      - github.v3; format=json
      X-GitHub-Request-Id:
      - F887:305D8C:262765E:243727A:6918782F
      X-RateLimit-Limit:
      - '5000'
      X-RateLimit-Remaining:
      - '4959'
      X-RateLimit-Reset:
      - '1763214870'
      X-RateLimit-Resource:
      - core
      X-RateLimit-Used:
      - '41'
      X-XSS-Protection:
      - '0'
      x-accepted-github-permissions:
      - contents=read
      x-github-api-version-selected:
      - '2022-11-28'
    status:
      code: 404
      message: Not Found
- request:
    body: null
    headers:
      Accept:
      - application/vnd.github+json
      Accept-Encoding:
      - gzip, deflate
      Authorization:
      - token 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
      Connection:
      - keep-alive
      User-Agent:
      - python-requests/2.32.5
      X-GitHub-Api-Version:
      - '2022-11-28'
    method: GET
    uri: https://api.github.com/repos/gh4144/coron7/commits
  response:
    body:
      string: '{"message":"Not Found","documentation_url":"https://docs.github.com/rest/commits/commits#list-commits","status":"404"}'
    headers:
      Access-Control-Allow-Origin:
      - '*'
      Access-Control-Expose-Headers:
      - ETag, Link, Location, Retry-After, X-GitHub-OTP, X-RateLimit-Limit, X-RateLimit-Remaining,
        X-RateLimit-Used, X-RateLimit-Resource, X-RateLimit-Reset, X-OAuth-Scopes,
        X-Accepted-OAuth-Scopes, X-Poll-Interval, X-GitHub-Media-Type, X-GitHub-SSO,
        X-GitHub-Request-Id, Deprecation, Sunset
      Content-Encoding:
      - gzip
      Content-Security-Policy:
      - default-src 'none'
      Content-Type:
      - application/json; charset=utf-8
      Date:
      - Sat, 15 Nov 2025 12:55:12 GMT
      Referrer-Policy:
      - origin-when-cross-origin, strict-origin-when-cross-origin
      Server:
      - github.com
      Strict-Transport-Security:
      - max-age=31536000; includeSubdomains; preload
      Transfer-Encoding:
      - chunked
      Vary:
      - Accept-Encoding, Accept, X-Requested-With
      X-Content-Type-Options:
      - nosniff
      X-Frame-Options:
      - deny
      X-GitHub-Media-Type:
      - github.v3; format=json
      X-GitHub-Request-Id:
      - F888:17C79:27B8AC6:25B7EAB:6918782F
      X-RateLimit-Limit:
      - '5000'
      X-RateLimit-Remaining:
      - '4958'
      X-RateLimit-Reset:
      - '1763214870'
      X-RateLimit-Resource:
      - core
      X-RateLimit-Used:
      - '42'
      X-XSS-Protection:
      - '0'
      x-accepted-github-permissions:
      - contents=read
      x-github-api-version-selected:
      - '2022-11-28'
    status:
      code: 404
      message: Not Found
- request:
    body: null
    headers:
      Accept:
      - application/vnd.github+json
      Accept-Encoding:
      - gzip, deflate
      Authorization:
      - token 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
      Connection:
      - keep-alive
      User-Agent:
      - python-requests/2.32.5
      X-GitHub-Api-Version:
      - '2022-11-28'
    method: GET
    uri: https://api.github.com/repos/gh4144/coron7/commits
  response:
    body:
      string: '{"message":"Not Found","documentation_url":"https://docs.github.com/rest/commits/commits#list-commits","status":"404"}'
    headers:
      Access-Control-Allow-Origin:
      - '*'
      Access-Control-Expose-Headers:
      - ETag, Link, Location, Retry-After, X-GitHub-OTP, X-RateLimit-Limit, X-RateLimit-Remaining,
        X-RateLimit-Used, X-RateLimit-Resource, X-RateLimit-Reset, X-OAuth-Scopes,
        X-Accepted-OAuth-Scopes, X-Poll-Interval, X-GitHub-Media-Type, X-GitHub-SSO,
        X-GitHub-Request-Id, Deprecation, Sunset
      Content-Encoding:
      - gzip
      Content-Security-Policy:
      - default-src 'none'
      Content-Type:
      - application/json; charset=utf-8
      Date:
      - Sat, 15 Nov 2025 12:55:12 GMT
      Referrer-Policy:
      - origin-when-cross-origin, strict-origin-when-cross-origin
      Server:
      - github.com
      Strict-Transport-Security:
      - max-age=31536000; includeSubdomains; preload
      Transfer-Encoding:
      - chunked
      Vary:
      - Accept-Encoding, Accept, X-Requested-With
      X-Content-Type-Options:
      - nosniff
      X-Frame-Options:
      - deny
      X-GitHub-Media-Type:
      - github.v3; format=json
      X-GitHub-Request-Id:
      - F889:F9B19:267FE89:2485E7F:69187830
      X-RateLimit-Limit:
      - '5000'
      X-RateLimit-Remaining:
      - '4957'
      X-RateLimit-Reset:
      - '1763214870'
      X-RateLimit-Resource:
      - core
      X-RateLimit-Used:
      - '43'
      X-XSS-Protection:
      - '0'
      x-accepted-github-permissions:
      - contents=read
      x-github-api-version-selected:
      - '2022-11-28'
    status:
      code: 404
      message: Not Found
- request:
    body: null
    headers:
      Accept:
      - application/vnd.github+json
      Accept-Encoding:
      - gzip, deflate
      Authorization:
      - token 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
      Connection:
      - keep-alive
      User-Agent:
      - python-requests/2.32.5
      X-GitHub-Api-Version:
      - '2022-11-28'
    method: GET
    uri: https://api.github.com/repos/gh4144/coron7/commits
  response:
    body:
      string: '{"message":"Not Found","documentation_url":"https://docs.github.com/rest/commits/commits#list-commits","status":"404"}'
    headers:
      Access-Control-Allow-Origin:
      - '*'
      Access-Control-Expose-Headers:
      - ETag, Link, Location, Retry-After, X-GitHub-OTP, X-RateLimit-Limit, X-RateLimit-Remaining,
        X-RateLimit-Used, X-RateLimit-Resource, X-RateLimit-Reset, X-OAuth-Scopes,
        X-Accepted-OAuth-Scopes, X-Poll-Interval, X-GitHub-Media-Type, X-GitHub-SSO,
        X-GitHub-Request-Id, Deprecation, Sunset
      Content-Encoding:
      - gzip
      Content-Security-Policy:
      - default-src 'none'
      Content-Type:
      - application/json; charset=utf-8
      Date:
      - Sat, 15 Nov 2025 12:55:12 GMT
      Referrer-Policy:
      - origin-when-cross-origin, strict-origin-when-cross-origin
      Server:
      - github.com
      Strict-Transport-Security:
      - max-age=31536000; includeSubdomains; preload
      Transfer-Encoding:
      - chunked
      Vary:
      - Accept-Encoding, Accept, X-Requested-With
      X-Content-Type-Options:
      - nosniff
      X-Frame-Options:
      - deny
      X-GitHub-Media-Type:
      - github.v3; format=json
      X-GitHub-Request-Id:
      - F88A:77FF4:2681D49:246CCB8:69187830
      X-RateLimit-Limit:
      - '5000'
      X-RateLimit-Remaining:
      - '4956'
      X-RateLimit-Reset:
      - '1763214870'
      X-RateLimit-Resource:
      - core
      X-RateLimit-Used:
      - '44'
      X-XSS-Protection:
      - '0'
      x-accepted-github-permissions:
      - contents=read
      x-github-api-version-selected:
      - '2022-11-28'
    status:
      code: 404
      message: Not Found
version: 1
